// Jest Snapshot v1, https://goo.gl/fbAQLP

exports[`Dragons component Renders Dragons component 1`] = `
<div
  className="dragonContainer"
/>
`;
