// Jest Snapshot v1, https://goo.gl/fbAQLP

exports[`Jest Snapshot testing suite matches DOM rockets snapshot 1`] = `<div />`;
